[2023-11-10T15:59:17.580+0000][gc] Using G1
[2023-11-10T15:59:17.595+0000][gc,init] Version: 17.0.8.1+1-LTS (release)
[2023-11-10T15:59:17.595+0000][gc,init] CPUs: 2 total, 2 available
[2023-11-10T15:59:17.595+0000][gc,init] Memory: 7929M
[2023-11-10T15:59:17.595+0000][gc,init] Large Page Support: Disabled
[2023-11-10T15:59:17.595+0000][gc,init] NUMA Support: Disabled
[2023-11-10T15:59:17.595+0000][gc,init] Compressed Oops: Enabled (32-bit)
[2023-11-10T15:59:17.595+0000][gc,init] Heap Region Size: 1M
[2023-11-10T15:59:17.595+0000][gc,init] Heap Min Capacity: 1G
[2023-11-10T15:59:17.595+0000][gc,init] Heap Initial Capacity: 1G
[2023-11-10T15:59:17.595+0000][gc,init] Heap Max Capacity: 1G
[2023-11-10T15:59:17.595+0000][gc,init] Pre-touch: Disabled
[2023-11-10T15:59:17.595+0000][gc,init] Parallel Workers: 2
[2023-11-10T15:59:17.595+0000][gc,init] Concurrent Workers: 1
[2023-11-10T15:59:17.595+0000][gc,init] Concurrent Refinement Workers: 2
[2023-11-10T15:59:17.595+0000][gc,init] Periodic GC: Disabled
[2023-11-10T15:59:17.601+0000][gc,metaspace] CDS archive(s) mapped at: [0x00007f2303000000-0x00007f2303beb000-0x00007f2303beb000), size 12496896, SharedBaseAddress: 0x00007f2303000000, ArchiveRelocationMode: 1.
[2023-11-10T15:59:17.601+0000][gc,metaspace] Compressed class space mapped at: 0x00007f2304000000-0x00007f2344000000, reserved size: 1073741824
[2023-11-10T15:59:17.601+0000][gc,metaspace] Narrow klass base: 0x00007f2303000000, Narrow klass shift: 0, Narrow klass range: 0x100000000
[2023-11-10T15:59:19.143+0000][gc,start    ] GC(0) Pause Young (Normal) (G1 Evacuation Pause)
[2023-11-10T15:59:19.144+0000][gc,task     ] GC(0) Using 2 workers of 2 for evacuation
[2023-11-10T15:59:19.161+0000][gc,phases   ] GC(0)   Pre Evacuate Collection Set: 0.2ms
[2023-11-10T15:59:19.161+0000][gc,phases   ] GC(0)   Merge Heap Roots: 0.1ms
[2023-11-10T15:59:19.161+0000][gc,phases   ] GC(0)   Evacuate Collection Set: 16.7ms
[2023-11-10T15:59:19.161+0000][gc,phases   ] GC(0)   Post Evacuate Collection Set: 0.7ms
[2023-11-10T15:59:19.162+0000][gc,phases   ] GC(0)   Other: 0.4ms
[2023-11-10T15:59:19.162+0000][gc,heap     ] GC(0) Eden regions: 51->0(44)
[2023-11-10T15:59:19.162+0000][gc,heap     ] GC(0) Survivor regions: 0->7(7)
[2023-11-10T15:59:19.162+0000][gc,heap     ] GC(0) Old regions: 0->0
[2023-11-10T15:59:19.162+0000][gc,heap     ] GC(0) Archive regions: 2->2
[2023-11-10T15:59:19.162+0000][gc,heap     ] GC(0) Humongous regions: 0->0
[2023-11-10T15:59:19.162+0000][gc,metaspace] GC(0) Metaspace: 19255K(19456K)->19255K(19456K) NonClass: 16697K(16832K)->16697K(16832K) Class: 2558K(2624K)->2558K(2624K)
[2023-11-10T15:59:19.162+0000][gc          ] GC(0) Pause Young (Normal) (G1 Evacuation Pause) 51M->7M(1024M) 18.202ms
[2023-11-10T15:59:19.162+0000][gc,cpu      ] GC(0) User=0.02s Sys=0.00s Real=0.02s
[2023-11-10T15:59:19.320+0000][gc,start    ] GC(1) Pause Young (Concurrent Start) (Metadata GC Threshold)
[2023-11-10T15:59:19.320+0000][gc,task     ] GC(1) Using 2 workers of 2 for evacuation
[2023-11-10T15:59:19.330+0000][gc,phases   ] GC(1)   Pre Evacuate Collection Set: 0.1ms
[2023-11-10T15:59:19.330+0000][gc,phases   ] GC(1)   Merge Heap Roots: 0.0ms
[2023-11-10T15:59:19.330+0000][gc,phases   ] GC(1)   Evacuate Collection Set: 9.0ms
[2023-11-10T15:59:19.330+0000][gc,phases   ] GC(1)   Post Evacuate Collection Set: 0.4ms
[2023-11-10T15:59:19.330+0000][gc,phases   ] GC(1)   Other: 0.2ms
[2023-11-10T15:59:19.330+0000][gc,heap     ] GC(1) Eden regions: 8->0(49)
[2023-11-10T15:59:19.330+0000][gc,heap     ] GC(1) Survivor regions: 7->2(7)
[2023-11-10T15:59:19.330+0000][gc,heap     ] GC(1) Old regions: 0->7
[2023-11-10T15:59:19.330+0000][gc,heap     ] GC(1) Archive regions: 2->2
[2023-11-10T15:59:19.330+0000][gc,heap     ] GC(1) Humongous regions: 129->129
[2023-11-10T15:59:19.330+0000][gc,metaspace] GC(1) Metaspace: 21294K(21504K)->21294K(21504K) NonClass: 18457K(18560K)->18457K(18560K) Class: 2836K(2944K)->2836K(2944K)
[2023-11-10T15:59:19.330+0000][gc          ] GC(1) Pause Young (Concurrent Start) (Metadata GC Threshold) 144M->138M(1024M) 9.858ms
[2023-11-10T15:59:19.330+0000][gc,cpu      ] GC(1) User=0.01s Sys=0.00s Real=0.01s
[2023-11-10T15:59:19.330+0000][gc          ] GC(2) Concurrent Mark Cycle
[2023-11-10T15:59:19.330+0000][gc,marking  ] GC(2) Concurrent Clear Claimed Marks
[2023-11-10T15:59:19.330+0000][gc,marking  ] GC(2) Concurrent Clear Claimed Marks 0.028ms
[2023-11-10T15:59:19.330+0000][gc,marking  ] GC(2) Concurrent Scan Root Regions
[2023-11-10T15:59:19.334+0000][gc,marking  ] GC(2) Concurrent Scan Root Regions 4.476ms
[2023-11-10T15:59:19.335+0000][gc,marking  ] GC(2) Concurrent Mark
[2023-11-10T15:59:19.335+0000][gc,marking  ] GC(2) Concurrent Mark From Roots
[2023-11-10T15:59:19.335+0000][gc,task     ] GC(2) Using 1 workers of 1 for marking
[2023-11-10T15:59:19.337+0000][gc,marking  ] GC(2) Concurrent Mark From Roots 2.859ms
[2023-11-10T15:59:19.337+0000][gc,marking  ] GC(2) Concurrent Preclean
[2023-11-10T15:59:19.338+0000][gc,marking  ] GC(2) Concurrent Preclean 0.062ms
[2023-11-10T15:59:19.338+0000][gc,start    ] GC(2) Pause Remark
[2023-11-10T15:59:19.340+0000][gc          ] GC(2) Pause Remark 139M->139M(1024M) 2.020ms
[2023-11-10T15:59:19.340+0000][gc,cpu      ] GC(2) User=0.00s Sys=0.00s Real=0.00s
[2023-11-10T15:59:19.340+0000][gc,marking  ] GC(2) Concurrent Mark 5.249ms
[2023-11-10T15:59:19.340+0000][gc,marking  ] GC(2) Concurrent Rebuild Remembered Sets
[2023-11-10T15:59:19.344+0000][gc,marking  ] GC(2) Concurrent Rebuild Remembered Sets 3.714ms
[2023-11-10T15:59:19.344+0000][gc,start    ] GC(2) Pause Cleanup
[2023-11-10T15:59:19.344+0000][gc          ] GC(2) Pause Cleanup 139M->139M(1024M) 0.089ms
[2023-11-10T15:59:19.344+0000][gc,cpu      ] GC(2) User=0.00s Sys=0.00s Real=0.00s
[2023-11-10T15:59:19.344+0000][gc,marking  ] GC(2) Concurrent Cleanup for Next Mark
[2023-11-10T15:59:19.363+0000][gc,marking  ] GC(2) Concurrent Cleanup for Next Mark 18.967ms
[2023-11-10T15:59:19.363+0000][gc          ] GC(2) Concurrent Mark Cycle 33.049ms
[2023-11-10T16:14:27.058+0000][gc,start    ] GC(3) Pause Young (Normal) (G1 Evacuation Pause)
[2023-11-10T16:14:27.059+0000][gc,task     ] GC(3) Using 2 workers of 2 for evacuation
[2023-11-10T16:14:27.071+0000][gc,phases   ] GC(3)   Pre Evacuate Collection Set: 0.1ms
[2023-11-10T16:14:27.071+0000][gc,phases   ] GC(3)   Merge Heap Roots: 0.1ms
[2023-11-10T16:14:27.071+0000][gc,phases   ] GC(3)   Evacuate Collection Set: 11.5ms
[2023-11-10T16:14:27.071+0000][gc,phases   ] GC(3)   Post Evacuate Collection Set: 0.5ms
[2023-11-10T16:14:27.071+0000][gc,phases   ] GC(3)   Other: 0.1ms
[2023-11-10T16:14:27.071+0000][gc,heap     ] GC(3) Eden regions: 49->0(46)
[2023-11-10T16:14:27.071+0000][gc,heap     ] GC(3) Survivor regions: 2->5(7)
[2023-11-10T16:14:27.071+0000][gc,heap     ] GC(3) Old regions: 7->7
[2023-11-10T16:14:27.071+0000][gc,heap     ] GC(3) Archive regions: 2->2
[2023-11-10T16:14:27.071+0000][gc,heap     ] GC(3) Humongous regions: 129->129
[2023-11-10T16:14:27.071+0000][gc,metaspace] GC(3) Metaspace: 32232K(32448K)->32232K(32448K) NonClass: 28404K(28544K)->28404K(28544K) Class: 3828K(3904K)->3828K(3904K)
[2023-11-10T16:14:27.071+0000][gc          ] GC(3) Pause Young (Normal) (G1 Evacuation Pause) 187M->141M(1024M) 12.585ms
[2023-11-10T16:14:27.071+0000][gc,cpu      ] GC(3) User=0.01s Sys=0.00s Real=0.01s
